../Core/Src/main.c:690:5:main	256	static
../Core/Src/main.c:1321:6:SystemClock_Config	88	static
../Core/Src/main.c:1357:13:MX_ADC_Init	24	static
../Core/Src/main.c:1425:6:ADC_Select_CH13	40	static
../Core/Src/main.c:1438:6:ADC_Disable_CH13	24	static
../Core/Src/main.c:1447:8:ADC_Select_CH0	40	static
../Core/Src/main.c:1460:8:ADC_Disable_CH0	24	static
../Core/Src/main.c:1468:8:ADC_Select_CHTemp	40	static
../Core/Src/main.c:1481:8:ADC_Disable_CHTemp	24	static
../Core/Src/main.c:1495:13:MX_SPI1_Init	8	static
../Core/Src/main.c:1535:13:MX_TIM16_Init	8	static
../Core/Src/main.c:1567:13:MX_GPIO_Init	56	static
../Core/Src/main.c:1622:5:checkLCD	8	static
../Core/Src/main.c:1627:6:initA5GPIO	32	static
../Core/Src/main.c:1637:6:initA5SPI	32	static
../Core/Src/main.c:1652:6:Error_Handler	8	static,ignoring_inline_asm
