../Core/Src/main.c:555:5:main	128	static
../Core/Src/main.c:904:6:SystemClock_Config	88	static
../Core/Src/main.c:940:13:MX_ADC_Init	24	static
../Core/Src/main.c:1008:6:ADC_Select_CH13	40	static
../Core/Src/main.c:1021:6:ADC_Disable_CH13	24	static
../Core/Src/main.c:1030:8:ADC_Select_CH0	40	static
../Core/Src/main.c:1043:8:ADC_Disable_CH0	24	static
../Core/Src/main.c:1051:8:ADC_Select_CHTemp	40	static
../Core/Src/main.c:1064:8:ADC_Disable_CHTemp	24	static
../Core/Src/main.c:1078:13:MX_SPI1_Init	8	static
../Core/Src/main.c:1118:13:MX_TIM16_Init	8	static
../Core/Src/main.c:1150:13:MX_GPIO_Init	56	static
../Core/Src/main.c:1205:5:checkLCD	8	static
../Core/Src/main.c:1210:6:initA5GPIO	32	static
../Core/Src/main.c:1220:6:initA5SPI	32	static
../Core/Src/main.c:1235:6:Error_Handler	8	static,ignoring_inline_asm
